Client: Docker Engine - Community
 Version:    29.8.2
 Context:    default
 Debug Mode: false
 Plugins:
  buildx: Docker Buildx (Docker Inc.)
    Version:  v0.37.1
    Path:     /usr/libexec/docker/cli-plugins/docker-buildx
  compose: Docker Compose (Docker Inc.)
    Version:  v5.6.0
    Path:     /usr/libexec/docker/cli-plugins/docker-compose

Server:
 Containers: 0
  Running: 0
  Paused: 0
  Stopped: 0
 Images: 1
 Server Version: 29.8.2
 Storage Driver: overlay2
  Backing Filesystem: extfs
  Supports d_type: true
  Using metacopy: false
  Native Overlay Diff: true
  userxattr: false
 Logging Driver: json-file
 Cgroup Driver: systemd
 Cgroup Version: 2
 Plugins:
  Volume: local
  Network: bridge host ipvlan macvlan null overlay
  Log: awslogs fluentd gcplogs gelf journald json-file local splunk syslog
 CDI spec directories:
  /etc/cdi
  /var/run/cdi
 Discovered Devices:
  cdi: nvidia.com/pva=0
  cdi: nvidia.com/pva=all
 Swarm: inactive
 Runtimes: io.containerd.runc.v2 nvidia runc
 Default Runtime: runc
 Init Binary: docker-init
 containerd version: ee2735368117d2eb259779949d5e75cdafec9761
 runc version: v1.5.1-0-g8f2685a4
 init version: de40ad0
 Security Options:
  seccomp
   Profile: builtin
  cgroupns
 Kernel Version: 5.15.148-tegra
 Operating System: Ubuntu 22.04.5 LTS
 OSType: linux
 Architecture: aarch64
 CPUs: 6
 Total Memory: 7.441GiB
 Name: hyoripyu-desktop
 ID: 2c8b4cf1-a356-4596-bdd9-af4e6ba9fbdb
 Docker Root Dir: /var/lib/docker
 Debug Mode: false
 Experimental: false
 Insecure Registries:
  127.0.0.0/8
  ::1/128
 Live Restore Enabled: false
 Firewall Backend: iptables
  EnableUserlandProxy: true
  UserlandProxyPath: /usr/bin/docker-proxy

