UTC=2026-10-09T11:31:17Z step=system_after
Linux hyoripyu-desktop 5.15.148-tegra #1 SMP PREEMPT Thu Sep 18 15:08:33 PDT 2025 aarch64 aarch64 aarch64 GNU/Linux
--- /etc/os-release
PRETTY_NAME="Ubuntu 22.04.5 LTS"
NAME="Ubuntu"
VERSION_ID="22.04"
VERSION="22.04.5 LTS (Jammy Jellyfish)"
VERSION_CODENAME=jammy
ID=ubuntu
ID_LIKE=debian
HOME_URL="https://www.ubuntu.com/"
SUPPORT_URL="https://help.ubuntu.com/"
BUG_REPORT_URL="https://bugs.launchpad.net/ubuntu/"
PRIVACY_POLICY_URL="https://www.ubuntu.com/legal/terms-and-policies/privacy-policy"
UBUNTU_CODENAME=jammy
--- /etc/nv_tegra_release
# R36 (release), REVISION: 4.7, GCID: 42132812, BOARD: generic, EABI: aarch64, DATE: Thu Sep 18 22:54:44 UTC 2025
# KERNEL_VARIANT: oot
TARGET_USERSPACE_LIB_DIR=nvidia
TARGET_USERSPACE_LIB_DIR_PATH=usr/lib/aarch64-linux-gnu/nvidia
Project=/home/hyoripyu/Projects/test_drive Python=/usr/bin/python3
JETSON_MODEL_NAME=JETSON_ORIN_NANO
--- /proc/device-tree/model
NVIDIA Jetson Orin Nano Engineering Reference Developer Kit Super
--- /proc/device-tree/compatible
nvidia,p3768-0000+p3767-0005-super
nvidia,p3767-0005
nvidia,tegra234
--- /proc/device-tree/chosen/ids
3767-0005-301
 3768-0000-400
 
dpkg-query: no packages found matching nvidia-jetpack
python3-jetson-gpio	2.1.7ubuntu1
Name: Jetson.GPIO
Version: 2.1.7
Summary: A module to control Jetson GPIO channels
Home-page: https://github.com/NVIDIA/jetson-gpio
Author: NVIDIA
Author-email: linux-tegra-bugs@nvidia.com
License: MIT
Location: /usr/lib/python3/dist-packages
Requires: 
Required-by: 
Python 3.10.12
Docker version 29.8.2, build 7fc2dff
build-essential	12.9ubuntu3	install ok installed
ca-certificates	20260601~22.04.1	install ok installed
cmake	3.22.1-1ubuntu1.22.04.2	install ok installed
curl	7.81.0-1ubuntu1.29	install ok installed
git	1:2.34.1-1ubuntu1.17	install ok installed
python3	3.10.6-1~22.04.1	install ok installed
python3-colcon-common-extensions	0.3.0-100	install ok installed
python3-numpy	1:1.21.5-1ubuntu22.04.1	install ok installed
python3-opencv	4.5.4+dfsg-9ubuntu4	install ok installed
python3-pip	22.0.2+dfsg-1ubuntu0.7	install ok installed
python3-serial	3.5-1	install ok installed
python3-yaml	5.4.1-1ubuntu1	install ok installed
ros-humble-cv-bridge	3.2.1-1jammy.20260907.222938	install ok installed
ros-humble-ros-base	0.10.0-1jammy.20260910.003535	install ok installed
ros-humble-rosidl-default-generators	1.2.1-1jammy.20260907.203219	install ok installed
ros-humble-tf2-ros	0.25.23-1jammy.20260908.042633	install ok installed
ros2-apt-source	1.3.0~jammy	install ok installed
software-properties-common	0.99.22.9	install ok installed
